ARM Linker, 5.03 [Build 24] [MDK-ARM Standard]

==============================================================================

Section Cross References

    startup_stm32f10x_hd.o(STACK) refers (Special) to heapauxi.o(.text) for __use_two_region_memory
    startup_stm32f10x_hd.o(HEAP) refers (Special) to heapauxi.o(.text) for __use_two_region_memory
    startup_stm32f10x_hd.o(RESET) refers (Special) to heapauxi.o(.text) for __use_two_region_memory
    startup_stm32f10x_hd.o(RESET) refers to startup_stm32f10x_hd.o(.text) for Reset_Handler
    startup_stm32f10x_hd.o(RESET) refers to timer.o(.text) for TIM3_IRQHandler
    startup_stm32f10x_hd.o(RESET) refers to usart4.o(.text) for TIM4_IRQHandler
    startup_stm32f10x_hd.o(RESET) refers to usart1.o(.text) for USART1_IRQHandler
    startup_stm32f10x_hd.o(RESET) refers to usart2.o(.text) for USART2_IRQHandler
    startup_stm32f10x_hd.o(RESET) refers to usart3.o(.text) for USART3_IRQHandler
    startup_stm32f10x_hd.o(.text) refers (Special) to heapauxi.o(.text) for __use_two_region_memory
    startup_stm32f10x_hd.o(.text) refers to startup_stm32f10x_hd.o(STACK) for __initial_sp
    startup_stm32f10x_hd.o(.text) refers to __main.o(!!!main) for __main
    startup_stm32f10x_hd.o(.text) refers to startup_stm32f10x_hd.o(HEAP) for Heap_Mem
    test.o(.text) refers to 24cxx.o(.text) for AT24CXX_ReadOneByte
    test.o(.text) refers to sys.o(.text) for Stm32_Clock_Init
    test.o(.text) refers to delay.o(.text) for delay_init
    test.o(.text) refers to usart1.o(.text) for uart1_init
    test.o(.text) refers to usart2.o(.text) for uart2_init
    test.o(.text) refers to usart3.o(.text) for uart3_init
    test.o(.text) refers to timer.o(.text) for TIM3_Int_Init
    test.o(.text) refers to usart4.o(.text) for uart4_Init
    test.o(.text) refers to dma.o(.text) for MYDMA_Config
    test.o(.text) refers to led.o(.text) for LED_Init
    test.o(.text) refers to beep.o(.text) for BEEP_Init
    test.o(.text) refers to key.o(.text) for KEY_Init
    test.o(.text) refers to usart3.o(.data) for id
    test.o(.text) refers to usart3.o(.bss) for pihao
    test.o(.text) refers to usart2.o(.bss) for USART2_TX_BUF
    test.o(.text) refers to timer.o(.data) for time
    delay.o(.text) refers to delay.o(.data) for fac_us
    sys.o(.text) refers to sys.o(.emb_text) for WFI_SET
    key.o(.text) refers to delay.o(.text) for delay_ms
    key.o(.text) refers to key.o(.data) for key_up
    usart2.o(.text) refers to c89vsprintf.o(.text) for __c89vsprintf
    usart2.o(.text) refers to strlen.o(.text) for strlen
    usart2.o(.text) refers to ffix.o(x$fpl$ffix) for __aeabi_f2iz
    usart2.o(.text) refers to fflt_clz.o(x$fpl$fflt) for __aeabi_i2f
    usart2.o(.text) refers to faddsub_clz.o(x$fpl$frsb) for __aeabi_frsub
    usart2.o(.text) refers to fmul.o(x$fpl$fmul) for __aeabi_fmul
    usart2.o(.text) refers to f2d.o(x$fpl$f2d) for __aeabi_f2d
    usart2.o(.text) refers to faddsub_clz.o(x$fpl$fsub) for __aeabi_fsub
    usart2.o(.text) refers to fflt_clz.o(x$fpl$ffltu) for __aeabi_ui2f
    usart2.o(.text) refers to fdiv.o(x$fpl$fdiv) for __aeabi_fdiv
    usart2.o(.text) refers to ffixu.o(x$fpl$ffixu) for __aeabi_f2uiz
    usart2.o(.text) refers to sys.o(.text) for MY_NVIC_Init
    usart2.o(.text) refers to usart2.o(.bss) for USART2_TX_BUF
    usart2.o(.text) refers to usart4.o(.data) for jinzhong
    usart2.o(.text) refers to usart2.o(.data) for datah
    usart2.o(.text) refers to usart3.o(.bss) for pihao
    usart2.o(.text) refers to usart3.o(.data) for tongshu
    usart2.o(.text) refers to usart1.o(.bss) for numid
    usart1.o(.text) refers to c89vsprintf.o(.text) for __c89vsprintf
    usart1.o(.text) refers to strlen.o(.text) for strlen
    usart1.o(.text) refers to usart3.o(.text) for u3_sendStr
    usart1.o(.text) refers to 24cxx.o(.text) for AT24CXX_WriteOneByte
    usart1.o(.text) refers to usart1.o(.bss) for USART1_TX_BUF
    usart1.o(.text) refers to usart1.o(.data) for USART1_RX_STA
    usart1.o(.text) refers to usart3.o(.data) for id
    usart1.o(.text) refers to usart3.o(.bss) for pihao
    usart1.o(.text) refers to fflt_clz.o(x$fpl$ffltu) for __aeabi_ui2f
    usart1.o(.text) refers to fdiv.o(x$fpl$fdiv) for __aeabi_fdiv
    usart1.o(.text) refers to ffixu.o(x$fpl$ffixu) for __aeabi_f2uiz
    usart1.o(.text) refers to faddsub_clz.o(x$fpl$frsb) for __aeabi_frsub
    usart1.o(.text) refers to fmul.o(x$fpl$fmul) for __aeabi_fmul
    usart1.o(.text) refers to sys.o(.text) for MY_NVIC_Init
    usart3.o(.text) refers to c89vsprintf.o(.text) for __c89vsprintf
    usart3.o(.text) refers to strlen.o(.text) for strlen
    usart3.o(.text) refers to usart1.o(.text) for u1_printf
    usart3.o(.text) refers to delay.o(.text) for delay_ms
    usart3.o(.text) refers to fflt_clz.o(x$fpl$fflt) for __aeabi_i2f
    usart3.o(.text) refers to fmul.o(x$fpl$fmul) for __aeabi_fmul
    usart3.o(.text) refers to faddsub_clz.o(x$fpl$fadd) for __aeabi_fadd
[...]
    ..\\SYSTEM\\sys\\sys.c                   0x00000000   Number         0  sys.o ABSOLUTE
    dc.s                                     0x00000000   Number         0  dc.o ABSOLUTE
    startup_stm32f10x_hd.s                   0x00000000   Number         0  startup_stm32f10x_hd.o ABSOLUTE
    test.c                                   0x00000000   Number         0  test.o ABSOLUTE
    RESET                                    0x08000000   Section      304  startup_stm32f10x_hd.o(RESET)
    !!!main                                  0x08000130   Section        8  __main.o(!!!main)
    !!!scatter                               0x08000138   Section       52  __scatter.o(!!!scatter)
    !!dczerorl2                              0x0800016c   Section       90  __dczerorl2.o(!!dczerorl2)
    !!handler_zi                             0x080001c8   Section       28  __scatter_zi.o(!!handler_zi)
    .ARM.Collect$$_printf_percent$$00000000  0x080001e4   Section        0  _printf_percent.o(.ARM.Collect$$_printf_percent$$00000000)
    .ARM.Collect$$_printf_percent$$00000001  0x080001e4   Section        6  _printf_n.o(.ARM.Collect$$_printf_percent$$00000001)
    .ARM.Collect$$_printf_percent$$00000002  0x080001ea   Section        6  _printf_p.o(.ARM.Collect$$_printf_percent$$00000002)
    .ARM.Collect$$_printf_percent$$00000003  0x080001f0   Section        6  _printf_f.o(.ARM.Collect$$_printf_percent$$00000003)
    .ARM.Collect$$_printf_percent$$00000004  0x080001f6   Section        6  _printf_e.o(.ARM.Collect$$_printf_percent$$00000004)
    .ARM.Collect$$_printf_percent$$00000005  0x080001fc   Section        6  _printf_g.o(.ARM.Collect$$_printf_percent$$00000005)
    .ARM.Collect$$_printf_percent$$00000006  0x08000202   Section        6  _printf_a.o(.ARM.Collect$$_printf_percent$$00000006)
    .ARM.Collect$$_printf_percent$$00000007  0x08000208   Section       10  _printf_ll.o(.ARM.Collect$$_printf_percent$$00000007)
    .ARM.Collect$$_printf_percent$$00000008  0x08000212   Section        6  _printf_i.o(.ARM.Collect$$_printf_percent$$00000008)
    .ARM.Collect$$_printf_percent$$00000009  0x08000218   Section        6  _printf_d.o(.ARM.Collect$$_printf_percent$$00000009)
    .ARM.Collect$$_printf_percent$$0000000A  0x0800021e   Section        6  _printf_u.o(.ARM.Collect$$_printf_percent$$0000000A)
    .ARM.Collect$$_printf_percent$$0000000B  0x08000224   Section        6  _printf_o.o(.ARM.Collect$$_printf_percent$$0000000B)
    .ARM.Collect$$_printf_percent$$0000000C  0x0800022a   Section        6  _printf_x.o(.ARM.Collect$$_printf_percent$$0000000C)
    .ARM.Collect$$_printf_percent$$0000000D  0x08000230   Section        6  _printf_lli.o(.ARM.Collect$$_printf_percent$$0000000D)
    .ARM.Collect$$_printf_percent$$0000000E  0x08000236   Section        6  _printf_lld.o(.ARM.Collect$$_printf_percent$$0000000E)
    .ARM.Collect$$_printf_percent$$0000000F  0x0800023c   Section        6  _printf_llu.o(.ARM.Collect$$_printf_percent$$0000000F)
    .ARM.Collect$$_printf_percent$$00000010  0x08000242   Section        6  _printf_llo.o(.ARM.Collect$$_printf_percent$$00000010)
    .ARM.Collect$$_printf_percent$$00000011  0x08000248   Section        6  _printf_llx.o(.ARM.Collect$$_printf_percent$$00000011)
    .ARM.Collect$$_printf_percent$$00000012  0x0800024e   Section       10  _printf_l.o(.ARM.Collect$$_printf_percent$$00000012)
    .ARM.Collect$$_printf_percent$$00000013  0x08000258   Section        6  _printf_c.o(.ARM.Collect$$_printf_percent$$00000013)
    .ARM.Collect$$_printf_percent$$00000014  0x0800025e   Section        6  _printf_s.o(.ARM.Collect$$_printf_percent$$00000014)
    .ARM.Collect$$_printf_percent$$00000015  0x08000264   Section        6  _printf_lc.o(.ARM.Collect$$_printf_percent$$00000015)
    .ARM.Collect$$_printf_percent$$00000016  0x0800026a   Section        6  _printf_ls.o(.ARM.Collect$$_printf_percent$$00000016)
    .ARM.Collect$$_printf_percent$$00000017  0x08000270   Section        4  _printf_percent_end.o(.ARM.Collect$$_printf_percent$$00000017)
    .ARM.Collect$$libinit$$00000000          0x08000274   Section        2  libinit.o(.ARM.Collect$$libinit$$00000000)
    .ARM.Collect$$libinit$$00000002          0x08000276   Section        0  libinit2.o(.ARM.Collect$$libinit$$00000002)
    .ARM.Collect$$libinit$$00000008          0x08000276   Section        0  libinit2.o(.ARM.Collect$$libinit$$00000008)
    .ARM.Collect$$libinit$$0000000A          0x08000276   Section        0  libinit2.o(.ARM.Collect$$libinit$$0000000A)
    .ARM.Collect$$libinit$$0000000C          0x08000276   Section        0  libinit2.o(.ARM.Collect$$libinit$$0000000C)
    .ARM.Collect$$libinit$$0000000D          0x08000276   Section        6  libinit2.o(.ARM.Collect$$libinit$$0000000D)
    .ARM.Collect$$libinit$$0000000F          0x0800027c   Section        0  libinit2.o(.ARM.Collect$$libinit$$0000000F)
    .ARM.Collect$$libinit$$00000010          0x0800027c   Section       12  libinit2.o(.ARM.Collect$$libinit$$00000010)
    .ARM.Collect$$libinit$$00000011          0x08000288   Section        0  libinit2.o(.ARM.Collect$$libinit$$00000011)
    .ARM.Collect$$libinit$$00000013          0x08000288   Section        0  libinit2.o(.ARM.Collect$$libinit$$00000013)
    .ARM.Collect$$libinit$$00000014          0x08000288   Section       10  libinit2.o(.ARM.Collect$$libinit$$00000014)
    .ARM.Collect$$libinit$$00000015          0x08000292   Section        0  libinit2.o(.ARM.Collect$$libinit$$00000015)
    .ARM.Collect$$libinit$$00000017          0x08000292   Section        0  libinit2.o(.ARM.Collect$$libinit$$00000017)
    .ARM.Collect$$libinit$$00000019          0x08000292   Section        0  libinit2.o(.ARM.Collect$$libinit$$00000019)
    .ARM.Collect$$libinit$$0000001B          0x08000292   Section        0  libinit2.o(.ARM.Collect$$libinit$$0000001B)
    .ARM.Collect$$libinit$$0000001D          0x08000292   Section        0  libinit2.o(.ARM.Collect$$libinit$$0000001D)
    .ARM.Collect$$libinit$$0000001F          0x08000292   Section        0  libinit2.o(.ARM.Collect$$libinit$$0000001F)
    .ARM.Collect$$libinit$$00000021          0x08000292   Section        0  libinit2.o(.ARM.Collect$$libinit$$00000021)
    .ARM.Collect$$libinit$$00000023          0x08000292   Section        0  libinit2.o(.ARM.Collect$$libinit$$00000023)
    .ARM.Collect$$libinit$$0000002A          0x08000292   Section        0  libinit2.o(.ARM.Collect$$libinit$$0000002A)
    .ARM.Collect$$libinit$$0000002C          0x08000292   Section        0  libinit2.o(.ARM.Collect$$libinit$$0000002C)
    .ARM.Collect$$libinit$$0000002E          0x08000292   Section        0  libinit2.o(.ARM.Collect$$libinit$$0000002E)
    .ARM.Collect$$libinit$$00000030          0x08000292   Section        0  libinit2.o(.ARM.Collect$$libinit$$00000030)
    .ARM.Collect$$libinit$$00000031          0x08000292   Section        2  libinit2.o(.ARM.Collect$$libinit$$00000031)
    .ARM.Collect$$libshutdown$$00000000      0x08000294   Section        2  libshutdown.o(.ARM.Collect$$libshutdown$$00000000)
    .ARM.Collect$$libshutdown$$00000003      0x08000296   Section        0  libshutdown2.o(.ARM.Collect$$libshutdown$$00000003)
    .ARM.Collect$$libshutdown$$00000006      0x08000296   Section        0  libshutdown2.o(.ARM.Collect$$libshutdown$$00000006)
    .ARM.Collect$$libshutdown$$00000009      0x08000296   Section        0  libshutdown2.o(.ARM.Collect$$libshutdown$$00000009)
    .ARM.Collect$$libshutdown$$0000000B      0x08000296   Section        0  libshutdown2.o(.ARM.Collect$$libshutdown$$0000000B)
    .ARM.Collect$$libshutdown$$0000000E      0x08000296   Section        0  libshutdown2.o(.ARM.Collect$$libshutdown$$0000000E)
    .ARM.Collect$$libshutdown$$0000000F      0x08000296   Section        2  libshutdown2.o(.ARM.Collect$$libshutdown$$0000000F)
    .ARM.Collect$$rtentry$$00000000          0x08000298   Section        0  rtentry.o(.ARM.Collect$$rtentry$$00000000)
    .ARM.Collect$$rtentry$$00000002          0x08000298   Section        0  rtentry2.o(.ARM.Collect$$rtentry$$00000002)
    .ARM.Collect$$rtentry$$00000004          0x08000298   Section        6  rtentry4.o(.ARM.Collect$$rtentry$$00000004)
    .ARM.Collect$$rtentry$$00000009          0x0800029e   Section        0  rtentry2.o(.ARM.Collect$$rtentry$$00000009)
    .ARM.Collect$$rtentry$$0000000A          0x0800029e   Section        4  rtentry2.o(.ARM.Collect$$rtentry$$0000000A)
    .ARM.Collect$$rtentry$$0000000C          0x080002a2   Section        0  rtentry2.o(.ARM.Collect$$rtentry$$0000000C)
    .ARM.Collect$$rtentry$$0000000D          0x080002a2   Section        8  rtentry2.o(.ARM.Collect$$rtentry$$0000000D)
    .ARM.Collect$$rtexit$$00000000           0x080002aa   Section        2  rtexit.o(.ARM.Collect$$rtexit$$00000000)
    .ARM.Collect$$rtexit$$00000002           0x080002ac   Section        0  rtexit2.o(.ARM.Collect$$rtexit$$00000002)
    .ARM.Collect$$rtexit$$00000003           0x080002ac   Section        4  rtexit2.o(.ARM.Collect$$rtexit$$00000003)
    .ARM.Collect$$rtexit$$00000004           0x080002b0   Section        6  rtexit2.o(.ARM.Collect$$rtexit$$00000004)
    .emb_text                                0x080002b8   Section       12  sys.o(.emb_text)
    .text                                    0x080002c4   Section       72  startup_stm32f10x_hd.o(.text)
    .text                                    0x0800030c   Section        0  test.o(.text)
    .text                                    0x080004f8   Section        0  delay.o(.text)
    .text                                    0x080005a4   Section        0  sys.o(.text)
    .text                                    0x0800088c   Section        0  led.o(.text)
    .text                                    0x080008f8   Section        0  beep.o(.text)
    .text                                    0x08000930   Section        0  key.o(.text)
    .text                                    0x08000a38   Section        0  usart2.o(.text)
    .text                                    0x08000edc   Section        0  usart1.o(.text)
    .text                                    0x080016c8   Section        0  usart3.o(.text)
    .text                                    0x08001f58   Section        0  usart4.o(.text)
    .text                                    0x08002360   Section        0  timer.o(.text)
    .text                                    0x080023f8   Section        0  24cxx.o(.text)
    .text                                    0x08002574   Section        0  myiic.o(.text)
    .text                                    0x080027ec   Section        0  dma.o(.text)
    .text                                    0x08002868   Section        0  c89vsprintf.o(.text)
    .text                                    0x0800288c   Section        0  strlen.o(.text)
    .text                                    0x080028ca   Section        0  heapauxi.o(.text)
    .text                                    0x080028d0   Section        0  _printf_pad.o(.text)
    .text                                    0x08002922   Section        0  _printf_truncate.o(.text)
    .text                                    0x08002946   Section        0  _printf_str.o(.text)
    .text                                    0x08002998   Section        0  _printf_dec.o(.text)
    .text                                    0x08002a10   Section        0  _printf_charcount.o(.text)
    .text                                    0x08002a3c   Section        0  _printf_char_common.o(.text)
    _printf_input_char                       0x08002a3d   Thumb Code    10  _printf_char_common.o(.text)
    .text                                    0x08002a6c   Section        0  _sputc.o(.text)
    .text                                    0x08002a78   Section        0  _printf_wctomb.o(.text)
    .text                                    0x08002b34   Section        0  _printf_longlong_dec.o(.text)
    .text                                    0x08002bac   Section        0  _printf_oct_int_ll.o(.text)
    _printf_longlong_oct_internal            0x08002bad   Thumb Code     0  _printf_oct_int_ll.o(.text)
    .text                                    0x08002c24   Section        0  _printf_hex_int_ll_ptr.o(.text)
    _printf_hex_common                       0x08002c25   Thumb Code     0  _printf_hex_int_ll_ptr.o(.text)
    .text                                    0x08002cc0   Section        0  __printf_flags_ss_wp.o(.text)
    .text                                    0x08002e4c   Section      138  lludiv10.o(.text)
    .text                                    0x08002ed6   Section        0  _printf_intcommon.o(.text)
    .text                                    0x08002f8e   Section        0  _printf_fp_dec.o(.text)
    _fp_digits                               0x08002f91   Thumb Code   426  _printf_fp_dec.o(.text)
    .text                                    0x080033ae   Section        0  _printf_char.o(.text)
    .text                                    0x080033da   Section        0  _printf_wchar.o(.text)
    .text                                    0x08003406   Section        0  _wcrtomb.o(.text)
    .text                                    0x08003446   Section       74  sys_stackheap_outer.o(.text)
    .text                                    0x08003490   Section       16  rt_ctype_table.o(.text)
    .text                                    0x080034a0   Section        8  rt_locale_intlibspace.o(.text)
    .text                                    0x080034a8   Section        0  _printf_fp_infnan.o(.text)
    .text                                    0x08003528   Section        0  bigflt0.o(.text)
    .text                                    0x0800360c   Section        0  exit.o(.text)
    .text                                    0x08003618   Section        8  libspace.o(.text)
    .text                                    0x08003620   Section      128  strcmpv7m.o(.text)
    .text                                    0x080036a0   Section        0  sys_exit.o(.text)
    .text                                    0x080036ac   Section        2  use_no_semi.o(.text)
    .text                                    0x080036ae   Section        0  indicate_semi.o(.text)
    CL$$btod_d2e                             0x080036ae   Section       62  btod.o(CL$$btod_d2e)
    CL$$btod_d2e_denorm_low                  0x080036ec   Section       70  btod.o(CL$$btod_d2e_denorm_low)
    CL$$btod_d2e_norm_op1                    0x08003732   Section       96  btod.o(CL$$btod_d2e_norm_op1)
    CL$$btod_div_common                      0x08003792   Section      824  btod.o(CL$$btod_div_common)
    CL$$btod_e2e                             0x08003aca   Section      198  btod.o(CL$$btod_e2e)
    CL$$btod_ediv                            0x08003b90   Section       40  btod.o(CL$$btod_ediv)
    CL$$btod_emul                            0x08003bb8   Section       40  btod.o(CL$$btod_emul)
    CL$$btod_mult_common                     0x08003be0   Section      580  btod.o(CL$$btod_mult_common)
    i.__ARM_fpclassify                       0x08003e24   Section        0  fpclassify.o(i.__ARM_fpclassify)
    i._is_digit                              0x08003e4c   Section        0  __printf_wp.o(i._is_digit)
    locale$$code                             0x08003e5c   Section       44  lc_numeric_c.o(locale$$code)
    locale$$code                             0x08003e88   Section       44  lc_ctype_c.o(locale$$code)
    x$fpl$d2f                                0x08003eb4   Section       98  d2f.o(x$fpl$d2f)
    x$fpl$dadd                               0x08003f18   Section      336  daddsub_clz.o(x$fpl$dadd)
    _dadd1                                   0x08003f29   Thumb Code     0  daddsub_clz.o(x$fpl$dadd)
    x$fpl$dflt                               0x08004068   Section       46  dflt_clz.o(x$fpl$dflt)
    x$fpl$dmul                               0x08004098   Section      340  dmul.o(x$fpl$dmul)
    x$fpl$dnaninf                            0x080041ec   Section      156  dnaninf.o(x$fpl$dnaninf)
    x$fpl$dretinf                            0x08004288   Section       12  dretinf.o(x$fpl$dretinf)
    x$fpl$dsub                               0x08004294   Section      468  daddsub_clz.o(x$fpl$dsub)
    _dsub1                                   0x080042a5   Thumb Code     0  daddsub_clz.o(x$fpl$dsub)
    x$fpl$f2d                                0x08004468   Section       86  f2d.o(x$fpl$f2d)
    x$fpl$fadd                               0x080044c0   Section      196  faddsub_clz.o(x$fpl$fadd)
    _fadd1                                   0x080044cf   Thumb Code     0  faddsub_clz.o(x$fpl$fadd)
    x$fpl$fcmpinf                            0x08004584   Section       24  fcmpi.o(x$fpl$fcmpinf)
    x$fpl$fdiv                               0x0800459c   Section      388  fdiv.o(x$fpl$fdiv)
    _fdiv1                                   0x0800459d   Thumb Code     0  fdiv.o(x$fpl$fdiv)
    x$fpl$ffix                               0x08004720   Section       54  ffix.o(x$fpl$ffix)
    x$fpl$ffixu                              0x08004758   Section       62  ffixu.o(x$fpl$ffixu)
    x$fpl$fflt                               0x08004798   Section       48  fflt_clz.o(x$fpl$fflt)
    x$fpl$ffltu                              0x080047c8   Section       38  fflt_clz.o(x$fpl$ffltu)
    x$fpl$fleqf                              0x080047f0   Section      104  fleqf.o(x$fpl$fleqf)
    x$fpl$fmul                               0x08004858   Section      258  fmul.o(x$fpl$fmul)
    x$fpl$fnaninf                            0x0800495a   Section      140  fnaninf.o(x$fpl$fnaninf)
    x$fpl$fretinf                            0x080049e6   Section       10  fretinf.o(x$fpl$fretinf)
    x$fpl$frsb                               0x080049f0   Section       20  faddsub_clz.o(x$fpl$frsb)
    x$fpl$fsub                               0x08004a04   Section      234  faddsub_clz.o(x$fpl$fsub)
    _fsub1                                   0x08004a13   Thumb Code     0  faddsub_clz.o(x$fpl$fsub)
    x$fpl$printf1                            0x08004aee   Section        4  printf1.o(x$fpl$printf1)
    x$fpl$usenofp                            0x08004af2   Section        0  usenofp.o(x$fpl$usenofp)
    .constdata                               0x08004af4   Section        8  _printf_wctomb.o(.constdata)
    initial_mbstate                          0x08004af4   Data           8  _printf_wctomb.o(.constdata)
    .constdata                               0x08004afc   Section       40  _printf_hex_int_ll_ptr.o(.constdata)
    uc_hextab                                0x08004afc   Data          20  _printf_hex_int_ll_ptr.o(.constdata)
    lc_hextab                                0x08004b10   Data          20  _printf_hex_int_ll_ptr.o(.constdata)
    .constdata                               0x08004b24   Section       17  __printf_flags_ss_wp.o(.constdata)
    maptable                                 0x08004b24   Data          17  __printf_flags_ss_wp.o(.constdata)
    .constdata                               0x08004b38   Section      148  bigflt0.o(.constdata)
    tenpwrs_x                                0x08004b38   Data          60  bigflt0.o(.constdata)
    tenpwrs_i                                0x08004b74   Data          64  bigflt0.o(.constdata)
    locale$$data                             0x08004bec   Section       28  lc_numeric_c.o(locale$$data)
    __lcnum_c_name                           0x08004bf0   Data           2  lc_numeric_c.o(locale$$data)
    __lcnum_c_start                          0x08004bf8   Data           0  lc_numeric_c.o(locale$$data)
    __lcnum_c_point                          0x08004c04   Data           0  lc_numeric_c.o(locale$$data)
    __lcnum_c_thousands                      0x08004c06   Data           0  lc_numeric_c.o(locale$$data)
    __lcnum_c_grouping                       0x08004c07   Data           0  lc_numeric_c.o(locale$$data)
    locale$$data                             0x08004c08   Section      272  lc_ctype_c.o(locale$$data)
    __lcnum_c_end                            0x08004c08   Data           0  lc_numeric_c.o(locale$$data)
    __lcctype_c_name                         0x08004c0c   Data           2  lc_ctype_c.o(locale$$data)
    __lcctype_c_start                        0x08004c14   Data           0  lc_ctype_c.o(locale$$data)
    __lcctype_c_end                          0x08004d18   Data           0  lc_ctype_c.o(locale$$data)
    .data                                    0x20000000   Section        4  delay.o(.data)
    fac_us                                   0x20000000   Data           1  delay.o(.data)
    fac_ms                                   0x20000002   Data           2  delay.o(.data)
    .data                                    0x20000004   Section        1  key.o(.data)
    key_up                                   0x20000004   Data           1  key.o(.data)
    .data                                    0x20000006   Section      496  usart2.o(.data)
    .data                                    0x200001f8   Section       19  usart1.o(.data)
    .data                                    0x2000020c   Section      182  usart3.o(.data)
    .data                                    0x200002c4   Section       12  usart4.o(.data)
    .data                                    0x200002d0   Section       12  timer.o(.data)
    .data                                    0x200002dc   Section        2  dma.o(.data)
    .bss                                     0x200002e0   Section     1224  usart2.o(.bss)
    .bss                                     0x200007a8   Section     4272  usart1.o(.bss)
    .bss                                     0x20001858   Section      520  usart3.o(.bss)
    .bss                                     0x20001a60   Section      400  usart4.o(.bss)
    .bss                                     0x20001bf0   Section       96  libspace.o(.bss)
    HEAP                                     0x20001c50   Section        0  startup_stm32f10x_hd.o(HEAP)
    STACK                                    0x20001c50   Section     2048  startup_stm32f10x_hd.o(STACK)
    Heap_Mem                                 0x20001c50   Data           0  startup_stm32f10x_hd.o(HEAP)
    Stack_Mem                                0x20001c50   Data        2048  startup_stm32f10x_hd.o(STACK)
    __initial_sp                             0x20002450   Data           0  startup_stm32f10x_hd.o(STACK)

    Global Symbols

    Symbol Name                              Value     Ov Type        Size  Object(Section)

    BuildAttributes$$THM_ISAv4$P$D$K$B$S$PE$A:L22UL41UL21$X:L11$S22US41US21$IEEE1$IW$USESV6$~STKCKD$USESV7$~SHL$OTIME$ROPI$IEEEJ$EBA8$UX$STANDARDLIB$REQ8$PRES8$EABIv2 0x00000000   Number         0  anon$$obj.o ABSOLUTE
    __ARM_use_no_argv                        0x00000000   Number         0  test.o ABSOLUTE
    _printf_flags                            0x00000000   Number         0  printf_stubs.o ABSOLUTE
    _printf_return_value                     0x00000000   Number         0  printf_stubs.o ABSOLUTE
    _printf_sizespec                         0x00000000   Number         0  printf_stubs.o ABSOLUTE
    _printf_widthprec                        0x00000000   Number         0  printf_stubs.o ABSOLUTE
    __ARM_exceptions_init                     - Undefined Weak Reference
    __alloca_initialize                       - Undefined Weak Reference
    __cpp_initialize__aeabi_                  - Undefined Weak Reference
    __cxa_finalize                            - Undefined Weak Reference
    __sigvec_lookup                           - Undefined Weak Reference
    _atexit_init                              - Undefined Weak Reference
    _call_atexit_fns                          - Undefined Weak Reference
    _clock_init                               - Undefined Weak Reference
    _fp_trap_init                             - Undefined Weak Reference
    _fp_trap_shutdown                         - Undefined Weak Reference
    _get_lc_collate                           - Undefined Weak Reference
    _get_lc_monetary                          - Undefined Weak Reference
    _get_lc_time                              - Undefined Weak Reference
    _getenv_init                              - Undefined Weak Reference
    _handle_redirection                       - Undefined Weak Reference
    _init_alloc                               - Undefined Weak Reference
    _init_user_alloc                          - Undefined Weak Reference
    _initio                                   - Undefined Weak Reference
    _printf_fp_hex                            - Undefined Weak Reference
    _printf_mbtowc                            - Undefined Weak Reference
    _printf_wc                                - Undefined Weak Reference
    _rand_init                                - Undefined Weak Reference
    _signal_finish                            - Undefined Weak Reference
    _signal_init                              - Undefined Weak Reference
    _terminate_alloc                          - Undefined Weak Reference
    _terminate_user_alloc                     - Undefined Weak Reference
    _terminateio                              - Undefined Weak Reference
    __Vectors_Size                           0x00000130   Number         0  startup_stm32f10x_hd.o ABSOLUTE
    __Vectors                                0x08000000   Data           4  startup_stm32f10x_hd.o(RESET)
    __Vectors_End                            0x08000130   Data           0  startup_stm32f10x_hd.o(RESET)
    __main                                   0x08000131   Thumb Code     8  __main.o(!!!main)
    __scatterload                            0x08000139   Thumb Code     0  __scatter.o(!!!scatter)
    __scatterload_rt2                        0x08000139   Thumb Code    44  __scatter.o(!!!scatter)
    __scatterload_rt2_thumb_only             0x08000139   Thumb Code     0  __scatter.o(!!!scatter)
    __scatterload_null                       0x08000147   Thumb Code     0  __scatter.o(!!!scatter)
    __decompress                             0x0800016d   Thumb Code    90  __dczerorl2.o(!!dczerorl2)
    __decompress1                            0x0800016d   Thumb Code     0  __dczerorl2.o(!!dczerorl2)
    __scatterload_zeroinit                   0x080001c9   Thumb Code    28  __scatter_zi.o(!!handler_zi)
    _printf_n                                0x080001e5   Thumb Code     0  _printf_n.o(.ARM.Collect$$_printf_percent$$00000001)
    _printf_percent                          0x080001e5   Thumb Code     0  _printf_percent.o(.ARM.Collect$$_printf_percent$$00000000)
    _printf_p                                0x080001eb   Thumb Code     0  _printf_p.o(.ARM.Collect$$_printf_percent$$00000002)
    _printf_f                                0x080001f1   Thumb Code     0  _printf_f.o(.ARM.Collect$$_printf_percent$$00000003)
    _printf_e                                0x080001f7   Thumb Code     0  _printf_e.o(.ARM.Collect$$_printf_percent$$00000004)
    _printf_g                                0x080001fd   Thumb Code     0  _printf_g.o(.ARM.Collect$$_printf_percent$$00000005)
    _printf_a                                0x08000203   Thumb Code     0  _printf_a.o(.ARM.Collect$$_printf_percent$$00000006)
    _printf_ll                               0x08000209   Thumb Code     0  _printf_ll.o(.ARM.Collect$$_printf_percent$$00000007)
    _printf_i                                0x08000213   Thumb Code     0  _printf_i.o(.ARM.Collect$$_printf_percent$$00000008)
    _printf_d                                0x08000219   Thumb Code     0  _printf_d.o(.ARM.Collect$$_printf_percent$$00000009)
    _printf_u                                0x0800021f   Thumb Code     0  _printf_u.o(.ARM.Collect$$_printf_percent$$0000000A)
    _printf_o                                0x08000225   Thumb Code     0  _printf_o.o(.ARM.Collect$$_printf_percent$$0000000B)
    _printf_x                                0x0800022b   Thumb Code     0  _printf_x.o(.ARM.Collect$$_printf_percent$$0000000C)
    _printf_lli                              0x08000231   Thumb Code     0  _printf_lli.o(.ARM.Collect$$_printf_percent$$0000000D)
    _printf_lld                              0x08000237   Thumb Code     0  _printf_lld.o(.ARM.Collect$$_printf_percent$$0000000E)
    _printf_llu                              0x0800023d   Thumb Code     0  _printf_llu.o(.ARM.Collect$$_printf_percent$$0000000F)
    _printf_llo                              0x08000243   Thumb Code     0  _printf_llo.o(.ARM.Collect$$_printf_percent$$00000010)
    _printf_llx                              0x08000249   Thumb Code     0  _printf_llx.o(.ARM.Collect$$_printf_percent$$00000011)
    _printf_l                                0x0800024f   Thumb Code     0  _printf_l.o(.ARM.Collect$$_printf_percent$$00000012)
    _printf_c                                0x08000259   Thumb Code     0  _printf_c.o(.ARM.Collect$$_printf_percent$$00000013)
    _printf_s                                0x0800025f   Thumb Code     0  _printf_s.o(.ARM.Collect$$_printf_percent$$00000014)
    _printf_lc                               0x08000265   Thumb Code     0  _printf_lc.o(.ARM.Collect$$_printf_percent$$00000015)
    _printf_ls                               0x0800026b   Thumb Code     0  _printf_ls.o(.ARM.Collect$$_printf_percent$$00000016)
    _printf_percent_end                      0x08000271   Thumb Code     0  _printf_percent_end.o(.ARM.Collect$$_printf_percent$$00000017)
    __rt_lib_init                            0x08000275   Thumb Code     0  libinit.o(.ARM.Collect$$libinit$$00000000)
    __rt_lib_init_fp_1                       0x08000277   Thumb Code     0  libinit2.o(.ARM.Collect$$libinit$$00000002)
    __rt_lib_init_heap_1                     0x08000277   Thumb Code     0  libinit2.o(.ARM.Collect$$libinit$$00000008)
    __rt_lib_init_lc_common                  0x08000277   Thumb Code     0  libinit2.o(.ARM.Collect$$libinit$$0000000D)
    __rt_lib_init_rand_1                     0x08000277   Thumb Code     0  libinit2.o(.ARM.Collect$$libinit$$0000000C)
    __rt_lib_init_user_alloc_1               0x08000277   Thumb Code     0  libinit2.o(.ARM.Collect$$libinit$$0000000A)
    __rt_lib_init_lc_collate_1               0x0800027d   Thumb Code     0  libinit2.o(.ARM.Collect$$libinit$$0000000F)
    __rt_lib_init_lc_ctype_2                 0x0800027d   Thumb Code     0  libinit2.o(.ARM.Collect$$libinit$$00000010)
    __rt_lib_init_lc_ctype_1                 0x08000289   Thumb Code     0  libinit2.o(.ARM.Collect$$libinit$$00000011)
    __rt_lib_init_lc_monetary_1              0x08000289   Thumb Code     0  libinit2.o(.ARM.Collect$$libinit$$00000013)
    __rt_lib_init_lc_numeric_2               0x08000289   Thumb Code     0  libinit2.o(.ARM.Collect$$libinit$$00000014)
    __rt_lib_init_alloca_1                   0x08000293   Thumb Code     0  libinit2.o(.ARM.Collect$$libinit$$0000002C)
    __rt_lib_init_argv_1                     0x08000293   Thumb Code     0  libinit2.o(.ARM.Collect$$libinit$$0000002A)
    __rt_lib_init_atexit_1                   0x08000293   Thumb Code     0  libinit2.o(.ARM.Collect$$libinit$$00000019)
    __rt_lib_init_clock_1                    0x08000293   Thumb Code     0  libinit2.o(.ARM.Collect$$libinit$$0000001F)
    __rt_lib_init_cpp_1                      0x08000293   Thumb Code     0  libinit2.o(.ARM.Collect$$libinit$$00000030)
    __rt_lib_init_exceptions_1               0x08000293   Thumb Code     0  libinit2.o(.ARM.Collect$$libinit$$0000002E)
    __rt_lib_init_fp_trap_1                  0x08000293   Thumb Code     0  libinit2.o(.ARM.Collect$$libinit$$0000001D)
    __rt_lib_init_getenv_1                   0x08000293   Thumb Code     0  libinit2.o(.ARM.Collect$$libinit$$00000021)
    __rt_lib_init_lc_numeric_1               0x08000293   Thumb Code     0  libinit2.o(.ARM.Collect$$libinit$$00000015)
    __rt_lib_init_lc_time_1                  0x08000293   Thumb Code     0  libinit2.o(.ARM.Collect$$libinit$$00000017)
    __rt_lib_init_return                     0x08000293   Thumb Code     0  libinit2.o(.ARM.Collect$$libinit$$00000031)
    __rt_lib_init_signal_1                   0x08000293   Thumb Code     0  libinit2.o(.ARM.Collect$$libinit$$0000001B)
    __rt_lib_init_stdio_1                    0x08000293   Thumb Code     0  libinit2.o(.ARM.Collect$$libinit$$00000023)
    __rt_lib_shutdown                        0x08000295   Thumb Code     0  libshutdown.o(.ARM.Collect$$libshutdown$$00000000)
    __rt_lib_shutdown_fp_trap_1              0x08000297   Thumb Code     0  libshutdown2.o(.ARM.Collect$$libshutdown$$00000006)
    __rt_lib_shutdown_heap_1                 0x08000297   Thumb Code     0  libshutdown2.o(.ARM.Collect$$libshutdown$$0000000E)
    __rt_lib_shutdown_return                 0x08000297   Thumb Code     0  libshutdown2.o(.ARM.Collect$$libshutdown$$0000000F)
    __rt_lib_shutdown_signal_1               0x08000297   Thumb Code     0  libshutdown2.o(.ARM.Collect$$libshutdown$$00000009)
    __rt_lib_shutdown_stdio_1                0x08000297   Thumb Code     0  libshutdown2.o(.ARM.Collect$$libshutdown$$00000003)
    __rt_lib_shutdown_user_alloc_1           0x08000297   Thumb Code     0  libshutdown2.o(.ARM.Collect$$libshutdown$$0000000B)
    __rt_entry                               0x08000299   Thumb Code     0  rtentry.o(.ARM.Collect$$rtentry$$00000000)
    __rt_entry_presh_1                       0x08000299   Thumb Code     0  rtentry2.o(.ARM.Collect$$rtentry$$00000002)
    __rt_entry_sh                            0x08000299   Thumb Code     0  rtentry4.o(.ARM.Collect$$rtentry$$00000004)
    __rt_entry_li                            0x0800029f   Thumb Code     0  rtentry2.o(.ARM.Collect$$rtentry$$0000000A)
    __rt_entry_postsh_1                      0x0800029f   Thumb Code     0  rtentry2.o(.ARM.Collect$$rtentry$$00000009)
    __rt_entry_main                          0x080002a3   Thumb Code     0  rtentry2.o(.ARM.Collect$$rtentry$$0000000D)
    __rt_entry_postli_1                      0x080002a3   Thumb Code     0  rtentry2.o(.ARM.Collect$$rtentry$$0000000C)
    __rt_exit                                0x080002ab   Thumb Code     0  rtexit.o(.ARM.Collect$$rtexit$$00000000)
    __rt_exit_ls                             0x080002ad   Thumb Code     0  rtexit2.o(.ARM.Collect$$rtexit$$00000003)
    __rt_exit_prels_1                        0x080002ad   Thumb Code     0  rtexit2.o(.ARM.Collect$$rtexit$$00000002)
    __rt_exit_exit                           0x080002b1   Thumb Code     0  rtexit2.o(.ARM.Collect$$rtexit$$00000004)
    WFI_SET                                  0x080002b9   Thumb Code     2  sys.o(.emb_text)
    INTX_DISABLE                             0x080002bb   Thumb Code     2  sys.o(.emb_text)
    INTX_ENABLE                              0x080002bd   Thumb Code     2  sys.o(.emb_text)
    MSR_MSP                                  0x080002bf   Thumb Code     6  sys.o(.emb_text)
    SystemInit_ExtMemCtl                     0x080002c5   Thumb Code     2  startup_stm32f10x_hd.o(.text)
    Reset_Handler                            0x080002c7   Thumb Code    14  startup_stm32f10x_hd.o(.text)
    NMI_Handler                              0x080002d5   Thumb Code     2  startup_stm32f10x_hd.o(.text)
    HardFault_Handler                        0x080002d7   Thumb Code     2  startup_stm32f10x_hd.o(.text)
    MemManage_Handler                        0x080002d9   Thumb Code     2  startup_stm32f10x_hd.o(.text)
    BusFault_Handler                         0x080002db   Thumb Code     2  startup_stm32f10x_hd.o(.text)
    UsageFault_Handler                       0x080002dd   Thumb Code     2  startup_stm32f10x_hd.o(.text)
    SVC_Handler                              0x080002df   Thumb Code     2  startup_stm32f10x_hd.o(.text)
    DebugMon_Handler                         0x080002e1   Thumb Code     2  startup_stm32f10x_hd.o(.text)
    PendSV_Handler                           0x080002e3   Thumb Code     2  startup_stm32f10x_hd.o(.text)
    SysTick_Handler                          0x080002e5   Thumb Code     2  startup_stm32f10x_hd.o(.text)
    ADC1_2_IRQHandler                        0x080002e7   Thumb Code     0  startup_stm32f10x_hd.o(.text)
    ADC3_IRQHandler                          0x080002e7   Thumb Code     0  startup_stm32f10x_hd.o(.text)
    CAN1_RX1_IRQHandler                      0x080002e7   Thumb Code     0  startup_stm32f10x_hd.o(.text)
    CAN1_SCE_IRQHandler                      0x080002e7   Thumb Code     0  startup_stm32f10x_hd.o(.text)
    DMA1_Channel1_IRQHandler                 0x080002e7   Thumb Code     0  startup_stm32f10x_hd.o(.text)
    DMA1_Channel2_IRQHandler                 0x080002e7   Thumb Code     0  startup_stm32f10x_hd.o(.text)
    DMA1_Channel3_IRQHandler                 0x080002e7   Thumb Code     0  startup_stm32f10x_hd.o(.text)
    DMA1_Channel4_IRQHandler                 0x080002e7   Thumb Code     0  startup_stm32f10x_hd.o(.text)
    DMA1_Channel5_IRQHandler                 0x080002e7   Thumb Code     0  startup_stm32f10x_hd.o(.text)
    DMA1_Channel6_IRQHandler                 0x080002e7   Thumb Code     0  startup_stm32f10x_hd.o(.text)
    DMA1_Channel7_IRQHandler                 0x080002e7   Thumb Code     0  startup_stm32f10x_hd.o(.text)
    DMA2_Channel1_IRQHandler                 0x080002e7   Thumb Code     0  startup_stm32f10x_hd.o(.text)
    DMA2_Channel2_IRQHandler                 0x080002e7   Thumb Code     0  startup_stm32f10x_hd.o(.text)
    DMA2_Channel3_IRQHandler                 0x080002e7   Thumb Code     0  startup_stm32f10x_hd.o(.text)
    DMA2_Channel4_5_IRQHandler               0x080002e7   Thumb Code     0  startup_stm32f10x_hd.o(.text)
    EXTI0_IRQHandler                         0x080002e7   Thumb Code     0  startup_stm32f10x_hd.o(.text)
    EXTI15_10_IRQHandler                     0x080002e7   Thumb Code     0  startup_stm32f10x_hd.o(.text)
    EXTI1_IRQHandler                         0x080002e7   Thumb Code     0  startup_stm32f10x_hd.o(.text)
    EXTI2_IRQHandler                         0x080002e7   Thumb Code     0  startup_stm32f10x_hd.o(.text)
    EXTI3_IRQHandler                         0x080002e7   Thumb Code     0  startup_stm32f10x_hd.o(.text)
    EXTI4_IRQHandler                         0x080002e7   Thumb Code     0  startup_stm32f10x_hd.o(.text)
    EXTI9_5_IRQHandler                       0x080002e7   Thumb Code     0  startup_stm32f10x_hd.o(.text)
    FLASH_IRQHandler                         0x080002e7   Thumb Code     0  startup_stm32f10x_hd.o(.text)
    FSMC_IRQHandler                          0x080002e7   Thumb Code     0  startup_stm32f10x_hd.o(.text)
    I2C1_ER_IRQHandler                       0x080002e7   Thumb Code     0  startup_stm32f10x_hd.o(.text)
    I2C1_EV_IRQHandler                       0x080002e7   Thumb Code     0  startup_stm32f10x_hd.o(.text)
    I2C2_ER_IRQHandler                       0x080002e7   Thumb Code     0  startup_stm32f10x_hd.o(.text)
    I2C2_EV_IRQHandler                       0x080002e7   Thumb Code     0  startup_stm32f10x_hd.o(.text)
    PVD_IRQHandler                           0x080002e7   Thumb Code     0  startup_stm32f10x_hd.o(.text)
    RCC_IRQHandler                           0x080002e7   Thumb Code     0  startup_stm32f10x_hd.o(.text)
    RTCAlarm_IRQHandler                      0x080002e7   Thumb Code     0  startup_stm32f10x_hd.o(.text)
    RTC_IRQHandler                           0x080002e7   Thumb Code     0  startup_stm32f10x_hd.o(.text)
    SDIO_IRQHandler                          0x080002e7   Thumb Code     0  startup_stm32f10x_hd.o(.text)
    SPI1_IRQHandler                          0x080002e7   Thumb Code     0  startup_stm32f10x_hd.o(.text)
    SPI2_IRQHandler                          0x080002e7   Thumb Code     0  startup_stm32f10x_hd.o(.text)
    SPI3_IRQHandler                          0x080002e7   Thumb Code     0  startup_stm32f10x_hd.o(.text)
    TAMPER_IRQHandler                        0x080002e7   Thumb Code     0  startup_stm32f10x_hd.o(.text)
    TIM1_BRK_IRQHandler                      0x080002e7   Thumb Code     0  startup_stm32f10x_hd.o(.text)
    TIM1_CC_IRQHandler                       0x080002e7   Thumb Code     0  startup_stm32f10x_hd.o(.text)
    TIM1_TRG_COM_IRQHandler                  0x080002e7   Thumb Code     0  startup_stm32f10x_hd.o(.text)
    TIM1_UP_IRQHandler                       0x080002e7   Thumb Code     0  startup_stm32f10x_hd.o(.text)
    TIM2_IRQHandler                          0x080002e7   Thumb Code     0  startup_stm32f10x_hd.o(.text)
    TIM5_IRQHandler                          0x080002e7   Thumb Code     0  startup_stm32f10x_hd.o(.text)
    TIM6_IRQHandler                          0x080002e7   Thumb Code     0  startup_stm32f10x_hd.o(.text)
    TIM7_IRQHandler                          0x080002e7   Thumb Code     0  startup_stm32f10x_hd.o(.text)
    TIM8_BRK_IRQHandler                      0x080002e7   Thumb Code     0  startup_stm32f10x_hd.o(.text)
    TIM8_CC_IRQHandler                       0x080002e7   Thumb Code     0  startup_stm32f10x_hd.o(.text)
    TIM8_TRG_COM_IRQHandler                  0x080002e7   Thumb Code     0  startup_stm32f10x_hd.o(.text)
    TIM8_UP_IRQHandler                       0x080002e7   Thumb Code     0  startup_stm32f10x_hd.o(.text)
    UART5_IRQHandler                         0x080002e7   Thumb Code     0  startup_stm32f10x_hd.o(.text)
    USBWakeUp_IRQHandler                     0x080002e7   Thumb Code     0  startup_stm32f10x_hd.o(.text)
    USB_HP_CAN1_TX_IRQHandler                0x080002e7   Thumb Code     0  startup_stm32f10x_hd.o(.text)
    USB_LP_CAN1_RX0_IRQHandler               0x080002e7   Thumb Code     0  startup_stm32f10x_hd.o(.text)
    WWDG_IRQHandler                          0x080002e7   Thumb Code     0  startup_stm32f10x_hd.o(.text)
    __user_initial_stackheap                 0x080002e9   Thumb Code     0  startup_stm32f10x_hd.o(.text)
    in_it                                    0x0800030d   Thumb Code   226  test.o(.text)
    main                                     0x080003ef   Thumb Code   202  test.o(.text)
    delay_init                               0x080004f9   Thumb Code    54  delay.o(.text)
    delay_us                                 0x0800052f   Thumb Code    54  delay.o(.text)
    delay_ms                                 0x08000565   Thumb Code    54  delay.o(.text)
    MY_NVIC_SetVectorTable                   0x080005a5   Thumb Code    12  sys.o(.text)
    MY_NVIC_PriorityGroupConfig              0x080005b1   Thumb Code    36  sys.o(.text)
    MY_NVIC_Init                             0x080005d5   Thumb Code   156  sys.o(.text)
    Ex_NVIC_Config                           0x08000671   Thumb Code   144  sys.o(.text)
    MYRCC_DeInit                             0x08000701   Thumb Code    90  sys.o(.text)
    Sys_Standby                              0x0800075b   Thumb Code    68  sys.o(.text)
    Sys_Soft_Reset                           0x0800079f   Thumb Code    12  sys.o(.text)
    JTAG_Set                                 0x080007ab   Thumb Code    42  sys.o(.text)
    Stm32_Clock_Init                         0x080007d5   Thumb Code   130  sys.o(.text)
    LED_Init                                 0x0800088d   Thumb Code    94  led.o(.text)
    BEEP_Init                                0x080008f9   Thumb Code    42  beep.o(.text)
    KEY_Init                                 0x08000931   Thumb Code    86  key.o(.text)
    KEY_Scan                                 0x08000987   Thumb Code   138  key.o(.text)
    u2_send                                  0x08000a39   Thumb Code    20  usart2.o(.text)
    u2_sendstr                               0x08000a4d   Thumb Code    26  usart2.o(.text)
    u2_printf                                0x08000a67   Thumb Code    70  usart2.o(.text)
    send_u2                                  0x08000aad   Thumb Code   302  usart2.o(.text)
    USART2_IRQHandler                        0x08000bdb   Thumb Code   114  usart2.o(.text)
    uart2_init                               0x08000c4d   Thumb Code   222  usart2.o(.text)
    u1_Send                                  0x08000edd   Thumb Code    20  usart1.o(.text)
    u1_SendStr                               0x08000ef1   Thumb Code    38  usart1.o(.text)
    u1_printf                                0x08000f17   Thumb Code    70  usart1.o(.text)
    u1_main                                  0x08000f5d   Thumb Code  1554  usart1.o(.text)
    takenum                                  0x0800156f   Thumb Code     2  usart1.o(.text)
    TakeStrOut                               0x08001571   Thumb Code     2  usart1.o(.text)
    USART1_IRQHandler                        0x08001573   Thumb Code    94  usart1.o(.text)
    uart1_init                               0x080015d1   Thumb Code   214  usart1.o(.text)
    u3_sendStr                               0x080016c9   Thumb Code    38  usart3.o(.text)
    u3_send                                  0x080016ef   Thumb Code    20  usart3.o(.text)
    u3_printf                                0x08001703   Thumb Code    70  usart3.o(.text)
    USART3_IRQHandler                        0x08001749   Thumb Code   114  usart3.o(.text)
    show_thelast                             0x080017bb   Thumb Code    10  usart3.o(.text)
    showcontex                               0x080017c5   Thumb Code    68  usart3.o(.text)
    goscreen                                 0x08001809   Thumb Code    44  usart3.o(.text)
    goscreen0                                0x08001835   Thumb Code    84  usart3.o(.text)
    shangye                                  0x08001889   Thumb Code    44  usart3.o(.text)
    xiaye                                    0x080018b5   Thumb Code    44  usart3.o(.text)
    setGNum                                  0x080018e1   Thumb Code    84  usart3.o(.text)
    goscreen1                                0x08001935   Thumb Code    28  usart3.o(.text)
    confprint                                0x08001951   Thumb Code   110  usart3.o(.text)
    delete_                                  0x080019bf   Thumb Code    22  usart3.o(.text)
    setNum                                   0x080019d5   Thumb Code   112  usart3.o(.text)
    u3_main                                  0x08001a45   Thumb Code   610  usart3.o(.text)
    showconnumf                              0x08001ca7   Thumb Code    82  usart3.o(.text)
    showconnum                               0x08001cf9   Thumb Code    70  usart3.o(.text)
    brushscreen                              0x08001d3f   Thumb Code   158  usart3.o(.text)
    setid                                    0x08001ddd   Thumb Code     8  usart3.o(.text)
    clear                                    0x08001de5   Thumb Code    40  usart3.o(.text)
    uart3_init                               0x08001e0d   Thumb Code   212  usart3.o(.text)
    UART4_IRQHandler                         0x08001f59   Thumb Code   118  usart4.o(.text)
    u4_main                                  0x08001fcf   Thumb Code   416  usart4.o(.text)
    TIM4_Set                                 0x0800216f   Thumb Code    44  usart4.o(.text)
    TIM4_Init                                0x0800219b   Thumb Code    74  usart4.o(.text)
    uart4_Init                               0x080021e5   Thumb Code   156  usart4.o(.text)
    u4_printf                                0x08002281   Thumb Code    70  usart4.o(.text)
    TIM4_IRQHandler                          0x080022c7   Thumb Code    50  usart4.o(.text)
    USART4_SendStr                           0x080022f9   Thumb Code    40  usart4.o(.text)
    USART4_Send                              0x08002321   Thumb Code    64  usart4.o(.text)
    TIM3_IRQHandler                          0x08002361   Thumb Code    54  timer.o(.text)
    TIM3_Int_Init                            0x08002397   Thumb Code    74  timer.o(.text)
    time_start                               0x080023e1   Thumb Code     2  timer.o(.text)
    AT24CXX_Init                             0x080023f9   Thumb Code     8  24cxx.o(.text)
    AT24CXX_ReadOneByte                      0x08002401   Thumb Code    88  24cxx.o(.text)
    AT24CXX_WriteOneByte                     0x08002459   Thumb Code    80  24cxx.o(.text)
    AT24CXX_WriteLenByte                     0x080024a9   Thumb Code    42  24cxx.o(.text)
    AT24CXX_ReadLenByte                      0x080024d3   Thumb Code    44  24cxx.o(.text)
    AT24CXX_Check                            0x080024ff   Thumb Code    48  24cxx.o(.text)
    AT24CXX_Read                             0x0800252f   Thumb Code    34  24cxx.o(.text)
    AT24CXX_Write                            0x08002551   Thumb Code    36  24cxx.o(.text)
    IIC_Init                                 0x08002575   Thumb Code    52  myiic.o(.text)
    IIC_Start                                0x080025a9   Thumb Code    68  myiic.o(.text)
    IIC_Stop                                 0x080025ed   Thumb Code    66  myiic.o(.text)
    IIC_Wait_Ack                             0x0800262f   Thumb Code    82  myiic.o(.text)
    IIC_Ack                                  0x08002681   Thumb Code    72  myiic.o(.text)
    IIC_NAck                                 0x080026c9   Thumb Code    72  myiic.o(.text)
    IIC_Send_Byte                            0x08002711   Thumb Code    96  myiic.o(.text)
    IIC_Read_Byte                            0x08002771   Thumb Code    98  myiic.o(.text)
    MYDMA_Config                             0x080027ed   Thumb Code    92  dma.o(.text)
    MYDMA_Enable                             0x08002849   Thumb Code    24  dma.o(.text)
    __c89vsprintf                            0x08002869   Thumb Code    32  c89vsprintf.o(.text)
    strlen                                   0x0800288d   Thumb Code    62  strlen.o(.text)
    __use_two_region_memory                  0x080028cb   Thumb Code     2  heapauxi.o(.text)
    __rt_heap_escrow$2region                 0x080028cd   Thumb Code     2  heapauxi.o(.text)
    __rt_heap_expand$2region                 0x080028cf   Thumb Code     2  heapauxi.o(.text)
    _printf_pre_padding                      0x080028d1   Thumb Code    46  _printf_pad.o(.text)
    _printf_post_padding                     0x080028ff   Thumb Code    36  _printf_pad.o(.text)
    _printf_truncate_signed                  0x08002923   Thumb Code    18  _printf_truncate.o(.text)
    _printf_truncate_unsigned                0x08002935   Thumb Code    18  _printf_truncate.o(.text)
    _printf_str                              0x08002947   Thumb Code    82  _printf_str.o(.text)
    _printf_int_dec                          0x08002999   Thumb Code   102  _printf_dec.o(.text)
    _printf_charcount                        0x08002a11   Thumb Code    42  _printf_charcount.o(.text)
    _printf_char_common                      0x08002a47   Thumb Code    32  _printf_char_common.o(.text)
    _sputc                                   0x08002a6d   Thumb Code    10  _sputc.o(.text)
    _printf_wctomb                           0x08002a79   Thumb Code   182  _printf_wctomb.o(.text)
    _printf_longlong_dec                     0x08002b35   Thumb Code   104  _printf_longlong_dec.o(.text)
    _printf_longlong_oct                     0x08002bad   Thumb Code    76  _printf_oct_int_ll.o(.text)
    _printf_int_oct                          0x08002bf9   Thumb Code    24  _printf_oct_int_ll.o(.text)
    _printf_ll_oct                           0x08002c11   Thumb Code    12  _printf_oct_int_ll.o(.text)
    _printf_longlong_hex                     0x08002c25   Thumb Code    92  _printf_hex_int_ll_ptr.o(.text)
    _printf_int_hex                          0x08002c81   Thumb Code    28  _printf_hex_int_ll_ptr.o(.text)
    _printf_ll_hex                           0x08002c9d   Thumb Code    12  _printf_hex_int_ll_ptr.o(.text)
    _printf_hex_ptr                          0x08002ca9   Thumb Code    18  _printf_hex_int_ll_ptr.o(.text)
    __printf                                 0x08002cc1   Thumb Code   390  __printf_flags_ss_wp.o(.text)
    _ll_udiv10                               0x08002e4d   Thumb Code   138  lludiv10.o(.text)
    _printf_int_common                       0x08002ed7   Thumb Code   184  _printf_intcommon.o(.text)
    __lib_sel_fp_printf                      0x08002f8f   Thumb Code     2  _printf_fp_dec.o(.text)
    _printf_fp_dec_real                      0x0800313b   Thumb Code   628  _printf_fp_dec.o(.text)
    _printf_cs_common                        0x080033af   Thumb Code    20  _printf_char.o(.text)
    _printf_char                             0x080033c3   Thumb Code    16  _printf_char.o(.text)
    _printf_string                           0x080033d3   Thumb Code     8  _printf_char.o(.text)
    _printf_lcs_common                       0x080033db   Thumb Code    20  _printf_wchar.o(.text)
    _printf_wchar                            0x080033ef   Thumb Code    16  _printf_wchar.o(.text)
    _printf_wstring                          0x080033ff   Thumb Code     8  _printf_wchar.o(.text)
    _wcrtomb                                 0x08003407   Thumb Code    64  _wcrtomb.o(.text)
    __user_setup_stackheap                   0x08003447   Thumb Code    74  sys_stackheap_outer.o(.text)
    __rt_ctype_table                         0x08003491   Thumb Code    16  rt_ctype_table.o(.text)
    __rt_locale                              0x080034a1   Thumb Code     8  rt_locale_intlibspace.o(.text)
    _printf_fp_infnan                        0x080034a9   Thumb Code   112  _printf_fp_infnan.o(.text)
    _btod_etento                             0x08003529   Thumb Code   222  bigflt0.o(.text)
    exit                                     0x0800360d   Thumb Code    12  exit.o(.text)
    __user_libspace                          0x08003619   Thumb Code     8  libspace.o(.text)
    __user_perproc_libspace                  0x08003619   Thumb Code     0  libspace.o(.text)
    __user_perthread_libspace                0x08003619   Thumb Code     0  libspace.o(.text)
    strcmp                                   0x08003621   Thumb Code   128  strcmpv7m.o(.text)
    _sys_exit                                0x080036a1   Thumb Code     8  sys_exit.o(.text)
    __I$use$semihosting                      0x080036ad   Thumb Code     0  use_no_semi.o(.text)
    __use_no_semihosting_swi                 0x080036ad   Thumb Code     2  use_no_semi.o(.text)
    __semihosting_library_function           0x080036af   Thumb Code     0  indicate_semi.o(.text)
    _btod_d2e                                0x080036af   Thumb Code    62  btod.o(CL$$btod_d2e)
    _d2e_denorm_low                          0x080036ed   Thumb Code    70  btod.o(CL$$btod_d2e_denorm_low)
    _d2e_norm_op1                            0x08003733   Thumb Code    96  btod.o(CL$$btod_d2e_norm_op1)
    __btod_div_common                        0x08003793   Thumb Code   696  btod.o(CL$$btod_div_common)
    _e2e                                     0x08003acb   Thumb Code   198  btod.o(CL$$btod_e2e)
    _btod_ediv                               0x08003b91   Thumb Code    40  btod.o(CL$$btod_ediv)
    _btod_emul                               0x08003bb9   Thumb Code    40  btod.o(CL$$btod_emul)
    __btod_mult_common                       0x08003be1   Thumb Code   580  btod.o(CL$$btod_mult_common)
    __ARM_fpclassify                         0x08003e25   Thumb Code    40  fpclassify.o(i.__ARM_fpclassify)
    _is_digit                                0x08003e4d   Thumb Code    14  __printf_wp.o(i._is_digit)
    _get_lc_numeric                          0x08003e5d   Thumb Code    44  lc_numeric_c.o(locale$$code)
    _get_lc_ctype                            0x08003e89   Thumb Code    44  lc_ctype_c.o(locale$$code)
    __aeabi_d2f                              0x08003eb5   Thumb Code     0  d2f.o(x$fpl$d2f)
    _d2f                                     0x08003eb5   Thumb Code    98  d2f.o(x$fpl$d2f)
    __aeabi_dadd                             0x08003f19   Thumb Code     0  daddsub_clz.o(x$fpl$dadd)
    _dadd                                    0x08003f19   Thumb Code   332  daddsub_clz.o(x$fpl$dadd)
    __aeabi_i2d                              0x08004069   Thumb Code     0  dflt_clz.o(x$fpl$dflt)
    _dflt                                    0x08004069   Thumb Code    46  dflt_clz.o(x$fpl$dflt)
    __aeabi_dmul                             0x08004099   Thumb Code     0  dmul.o(x$fpl$dmul)
    _dmul                                    0x08004099   Thumb Code   332  dmul.o(x$fpl$dmul)
    __fpl_dnaninf                            0x080041ed   Thumb Code   156  dnaninf.o(x$fpl$dnaninf)
    __fpl_dretinf                            0x08004289   Thumb Code    12  dretinf.o(x$fpl$dretinf)
    __aeabi_dsub                             0x08004295   Thumb Code     0  daddsub_clz.o(x$fpl$dsub)
    _dsub                                    0x08004295   Thumb Code   464  daddsub_clz.o(x$fpl$dsub)
    __aeabi_f2d                              0x08004469   Thumb Code     0  f2d.o(x$fpl$f2d)
    _f2d                                     0x08004469   Thumb Code    86  f2d.o(x$fpl$f2d)
    __aeabi_fadd                             0x080044c1   Thumb Code     0  faddsub_clz.o(x$fpl$fadd)
    _fadd                                    0x080044c1   Thumb Code   196  faddsub_clz.o(x$fpl$fadd)
    __fpl_fcmp_Inf                           0x08004585   Thumb Code    24  fcmpi.o(x$fpl$fcmpinf)
    __aeabi_fdiv                             0x0800459d   Thumb Code     0  fdiv.o(x$fpl$fdiv)
    _fdiv                                    0x0800459d   Thumb Code   384  fdiv.o(x$fpl$fdiv)
    __aeabi_f2iz                             0x08004721   Thumb Code     0  ffix.o(x$fpl$ffix)
    _ffix                                    0x08004721   Thumb Code    54  ffix.o(x$fpl$ffix)
    __aeabi_f2uiz                            0x08004759   Thumb Code     0  ffixu.o(x$fpl$ffixu)
    _ffixu                                   0x08004759   Thumb Code    62  ffixu.o(x$fpl$ffixu)
    __aeabi_i2f                              0x08004799   Thumb Code     0  fflt_clz.o(x$fpl$fflt)
    _fflt                                    0x08004799   Thumb Code    48  fflt_clz.o(x$fpl$fflt)
    __aeabi_ui2f                             0x080047c9   Thumb Code     0  fflt_clz.o(x$fpl$ffltu)
    _ffltu                                   0x080047c9   Thumb Code    38  fflt_clz.o(x$fpl$ffltu)
    __aeabi_cfcmple                          0x080047f1   Thumb Code     0  fleqf.o(x$fpl$fleqf)
    _fcmple                                  0x080047f1   Thumb Code   104  fleqf.o(x$fpl$fleqf)
    __fpl_fcmple_InfNaN                      0x08004843   Thumb Code     0  fleqf.o(x$fpl$fleqf)
    __aeabi_fmul                             0x08004859   Thumb Code     0  fmul.o(x$fpl$fmul)
    _fmul                                    0x08004859   Thumb Code   258  fmul.o(x$fpl$fmul)
    __fpl_fnaninf                            0x0800495b   Thumb Code   140  fnaninf.o(x$fpl$fnaninf)
    __fpl_fretinf                            0x080049e7   Thumb Code    10  fretinf.o(x$fpl$fretinf)
    __aeabi_frsub                            0x080049f1   Thumb Code     0  faddsub_clz.o(x$fpl$frsb)
    _frsb                                    0x080049f1   Thumb Code    20  faddsub_clz.o(x$fpl$frsb)
    __aeabi_fsub                             0x08004a05   Thumb Code     0  faddsub_clz.o(x$fpl$fsub)
    _fsub                                    0x08004a05   Thumb Code   234  faddsub_clz.o(x$fpl$fsub)
    _printf_fp_dec                           0x08004aef   Thumb Code     4  printf1.o(x$fpl$printf1)
    __I$use$fp                               0x08004af2   Number         0  usenofp.o(x$fpl$usenofp)
    Region$$Table$$Base                      0x08004bcc   Number         0  anon$$obj.o(Region$$Table)
    Region$$Table$$Limit                     0x08004bec   Number         0  anon$$obj.o(Region$$Table)
    __ctype                                  0x08004c15   Data           0  lc_ctype_c.o(locale$$data)
    datah                                    0x20000006   Data         478  usart2.o(.data)
    datal                                    0x200001e4   Data          15  usart2.o(.data)
    USART2_RX_STA                            0x200001f4   Data           2  usart2.o(.data)
    USART1_RX_STA                            0x200001f8   Data           2  usart1.o(.data)
    u1_count                                 0x200001fa   Data           1  usart1.o(.data)
    nun                                      0x200001fc   Data           4  usart1.o(.data)
    ok_count                                 0x20000200   Data           1  usart1.o(.data)
    xxx                                      0x20000201   Data           9  usart1.o(.data)
    Sys_Status                               0x2000020a   Data           1  usart1.o(.data)
    num_ok                                   0x2000020c   Data           1  usart3.o(.data)
    datalast                                 0x2000020d   Data           5  usart3.o(.data)
    data2                                    0x20000212   Data           6  usart3.o(.data)
    data1                                    0x20000218   Data           6  usart3.o(.data)
    data3                                    0x2000021e   Data          20  usart3.o(.data)
    data4                                    0x20000232   Data          20  usart3.o(.data)
    chenggong                                0x20000246   Data           9  usart3.o(.data)
    erro0                                    0x2000024f   Data          19  usart3.o(.data)
    good0                                    0x20000262   Data          19  usart3.o(.data)
    erro2                                    0x20000275   Data          19  usart3.o(.data)
    good2                                    0x20000288   Data          19  usart3.o(.data)
    id                                       0x2000029b   Data           6  usart3.o(.data)
    riqi                                     0x200002a1   Data           9  usart3.o(.data)
    yeshu                                    0x200002aa   Data           1  usart3.o(.data)
    tongshu                                  0x200002ac   Data           4  usart3.o(.data)
    xiangzhong                               0x200002b0   Data           4  usart3.o(.data)
    tongzhong                                0x200002b4   Data           4  usart3.o(.data)
    tongzong                                 0x200002b8   Data           4  usart3.o(.data)
    screen                                   0x200002bc   Data           1  usart3.o(.data)
    lockcount                                0x200002bd   Data           1  usart3.o(.data)
    wifi_state                               0x200002be   Data           1  usart3.o(.data)
    USART3_RX_STA                            0x200002c0   Data           2  usart3.o(.data)
    USART4_RX_STA                            0x200002c4   Data           2  usart4.o(.data)
    weight                                   0x200002c8   Data           4  usart4.o(.data)
    jinzhong                                 0x200002cc   Data           4  usart4.o(.data)
    time                                     0x200002d0   Data           4  timer.o(.data)
    Left_time                                0x200002d4   Data           4  timer.o(.data)
    Right_time                               0x200002d8   Data           4  timer.o(.data)
    DMA1_MEM_LEN                             0x200002dc   Data           2  dma.o(.data)
    USART2_RX_BUF                            0x200002e0   Data         200  usart2.o(.bss)
    USART2_TX_BUF                            0x200003a8   Data        1024  usart2.o(.bss)
    numid                                    0x200007a8   Data           9  usart1.o(.bss)
    numid1                                   0x200007b1   Data           9  usart1.o(.bss)
    USART1_RX_BUF                            0x200007ba   Data        4048  usart1.o(.bss)
    USART1_TX_BUF                            0x20001790   Data         200  usart1.o(.bss)
    pihao                                    0x20001858   Data          20  usart3.o(.bss)
    guige                                    0x2000186c   Data          20  usart3.o(.bss)
    shase                                    0x20001880   Data          10  usart3.o(.bss)
    guanse                                   0x2000188a   Data          10  usart3.o(.bss)
    pinming                                  0x20001894   Data          10  usart3.o(.bss)
    dengji                                   0x2000189e   Data          10  usart3.o(.bss)
    xianghao                                 0x200018a8   Data          40  usart3.o(.bss)
    USART3_RX_BUF                            0x200018d0   Data         200  usart3.o(.bss)
    USART3_TX_BUF                            0x20001998   Data         200  usart3.o(.bss)
    USART4_TX_BUF                            0x20001a60   Data         200  usart4.o(.bss)
    USART4_RX_BUF                            0x20001b28   Data         200  usart4.o(.bss)
    __libspace_start                         0x20001bf0   Data          96  libspace.o(.bss)
    __temporary_stack_top$libspace           0x20001c50   Data           0  libspace.o(.bss)



==============================================================================

Memory Map of the image

  Image Entry point : 0x08000131

  Load Region LR_IROM1 (Base: 0x08000000, Size: 0x00004ff8, Max: 0x00080000, ABSOLUTE, COMPRESSED[0x00004e88])

    Execution Region ER_IROM1 (Base: 0x08000000, Size: 0x00004d18, Max: 0x00080000, ABSOLUTE)

    Base Addr    Size         Type   Attr      Idx    E Section Name        Object

    0x08000000   0x00000130   Data   RO            3    RESET               startup_stm32f10x_hd.o
    0x08000130   0x00000008   Code   RO          311  * !!!main             c_w.l(__main.o)
    0x08000138   0x00000034   Code   RO          678    !!!scatter          c_w.l(__scatter.o)
    0x0800016c   0x0000005a   Code   RO          676    !!dczerorl2         c_w.l(__dczerorl2.o)
    0x080001c6   0x00000002   PAD
    0x080001c8   0x0000001c   Code   RO          680    !!handler_zi        c_w.l(__scatter_zi.o)
    0x080001e4   0x00000000   Code   RO          441    .ARM.Collect$$_printf_percent$$00000000  c_w.l(_printf_percent.o)
    0x080001e4   0x00000006   Code   RO          430    .ARM.Collect$$_printf_percent$$00000001  c_w.l(_printf_n.o)
    0x080001ea   0x00000006   Code   RO          432    .ARM.Collect$$_printf_percent$$00000002  c_w.l(_printf_p.o)
    0x080001f0   0x00000006   Code   RO          437    .ARM.Collect$$_printf_percent$$00000003  c_w.l(_printf_f.o)
    0x080001f6   0x00000006   Code   RO          438    .ARM.Collect$$_printf_percent$$00000004  c_w.l(_printf_e.o)
    0x080001fc   0x00000006   Code   RO          439    .ARM.Collect$$_printf_percent$$00000005  c_w.l(_printf_g.o)
    0x08000202   0x00000006   Code   RO          440    .ARM.Collect$$_printf_percent$$00000006  c_w.l(_printf_a.o)
    0x08000208   0x0000000a   Code   RO          445    .ARM.Collect$$_printf_percent$$00000007  c_w.l(_printf_ll.o)
    0x08000212   0x00000006   Code   RO          434    .ARM.Collect$$_printf_percent$$00000008  c_w.l(_printf_i.o)
    0x08000218   0x00000006   Code   RO          435    .ARM.Collect$$_printf_percent$$00000009  c_w.l(_printf_d.o)
    0x0800021e   0x00000006   Code   RO          436    .ARM.Collect$$_printf_percent$$0000000A  c_w.l(_printf_u.o)
    0x08000224   0x00000006   Code   RO          433    .ARM.Collect$$_printf_percent$$0000000B  c_w.l(_printf_o.o)
    0x0800022a   0x00000006   Code   RO          431    .ARM.Collect$$_printf_percent$$0000000C  c_w.l(_printf_x.o)
    0x08000230   0x00000006   Code   RO          442    .ARM.Collect$$_printf_percent$$0000000D  c_w.l(_printf_lli.o)
    0x08000236   0x00000006   Code   RO          443    .ARM.Collect$$_printf_percent$$0000000E  c_w.l(_printf_lld.o)
    0x0800023c   0x00000006   Code   RO          444    .ARM.Collect$$_printf_percent$$0000000F  c_w.l(_printf_llu.o)
    0x08000242   0x00000006   Code   RO          449    .ARM.Collect$$_printf_percent$$00000010  c_w.l(_printf_llo.o)
    0x08000248   0x00000006   Code   RO          450    .ARM.Collect$$_printf_percent$$00000011  c_w.l(_printf_llx.o)
    0x0800024e   0x0000000a   Code   RO          446    .ARM.Collect$$_printf_percent$$00000012  c_w.l(_printf_l.o)
    0x08000258   0x00000006   Code   RO          428    .ARM.Collect$$_printf_percent$$00000013  c_w.l(_printf_c.o)
    0x0800025e   0x00000006   Code   RO          429    .ARM.Collect$$_printf_percent$$00000014  c_w.l(_printf_s.o)
    0x08000264   0x00000006   Code   RO          447    .ARM.Collect$$_printf_percent$$00000015  c_w.l(_printf_lc.o)
    0x0800026a   0x00000006   Code   RO          448    .ARM.Collect$$_printf_percent$$00000016  c_w.l(_printf_ls.o)
    0x08000270   0x00000004   Code   RO          491    .ARM.Collect$$_printf_percent$$00000017  c_w.l(_printf_percent_end.o)
    0x08000274   0x00000002   Code   RO          540    .ARM.Collect$$libinit$$00000000  c_w.l(libinit.o)
    0x08000276   0x00000000   Code   RO          556    .ARM.Collect$$libinit$$00000002  c_w.l(libinit2.o)
    0x08000276   0x00000000   Code   RO          559    .ARM.Collect$$libinit$$00000008  c_w.l(libinit2.o)
    0x08000276   0x00000000   Code   RO          561    .ARM.Collect$$libinit$$0000000A  c_w.l(libinit2.o)
    0x08000276   0x00000000   Code   RO          563    .ARM.Collect$$libinit$$0000000C  c_w.l(libinit2.o)
    0x08000276   0x00000006   Code   RO          564    .ARM.Collect$$libinit$$0000000D  c_w.l(libinit2.o)
    0x0800027c   0x00000000   Code   RO          566    .ARM.Collect$$libinit$$0000000F  c_w.l(libinit2.o)
    0x0800027c   0x0000000c   Code   RO          567    .ARM.Collect$$libinit$$00000010  c_w.l(libinit2.o)
    0x08000288   0x00000000   Code   RO          568    .ARM.Collect$$libinit$$00000011  c_w.l(libinit2.o)
    0x08000288   0x00000000   Code   RO          570    .ARM.Collect$$libinit$$00000013  c_w.l(libinit2.o)
    0x08000288   0x0000000a   Code   RO          571    .ARM.Collect$$libinit$$00000014  c_w.l(libinit2.o)
    0x08000292   0x00000000   Code   RO          572    .ARM.Collect$$libinit$$00000015  c_w.l(libinit2.o)
    0x08000292   0x00000000   Code   RO          574    .ARM.Collect$$libinit$$00000017  c_w.l(libinit2.o)
    0x08000292   0x00000000   Code   RO          576    .ARM.Collect$$libinit$$00000019  c_w.l(libinit2.o)
    0x08000292   0x00000000   Code   RO          578    .ARM.Collect$$libinit$$0000001B  c_w.l(libinit2.o)
    0x08000292   0x00000000   Code   RO          580    .ARM.Collect$$libinit$$0000001D  c_w.l(libinit2.o)
    0x08000292   0x00000000   Code   RO          582    .ARM.Collect$$libinit$$0000001F  c_w.l(libinit2.o)
    0x08000292   0x00000000   Code   RO          584    .ARM.Collect$$libinit$$00000021  c_w.l(libinit2.o)
    0x08000292   0x00000000   Code   RO          586    .ARM.Collect$$libinit$$00000023  c_w.l(libinit2.o)
    0x08000292   0x00000000   Code   RO          590    .ARM.Collect$$libinit$$0000002A  c_w.l(libinit2.o)
    0x08000292   0x00000000   Code   RO          592    .ARM.Collect$$libinit$$0000002C  c_w.l(libinit2.o)
    0x08000292   0x00000000   Code   RO          594    .ARM.Collect$$libinit$$0000002E  c_w.l(libinit2.o)
    0x08000292   0x00000000   Code   RO          596    .ARM.Collect$$libinit$$00000030  c_w.l(libinit2.o)
    0x08000292   0x00000002   Code   RO          597    .ARM.Collect$$libinit$$00000031  c_w.l(libinit2.o)
    0x08000294   0x00000002   Code   RO          617    .ARM.Collect$$libshutdown$$00000000  c_w.l(libshutdown.o)
    0x08000296   0x00000000   Code   RO          631    .ARM.Collect$$libshutdown$$00000003  c_w.l(libshutdown2.o)
    0x08000296   0x00000000   Code   RO          634    .ARM.Collect$$libshutdown$$00000006  c_w.l(libshutdown2.o)
    0x08000296   0x00000000   Code   RO          637    .ARM.Collect$$libshutdown$$00000009  c_w.l(libshutdown2.o)
    0x08000296   0x00000000   Code   RO          639    .ARM.Collect$$libshutdown$$0000000B  c_w.l(libshutdown2.o)
    0x08000296   0x00000000   Code   RO          642    .ARM.Collect$$libshutdown$$0000000E  c_w.l(libshutdown2.o)
    0x08000296   0x00000002   Code   RO          643    .ARM.Collect$$libshutdown$$0000000F  c_w.l(libshutdown2.o)
    0x08000298   0x00000000   Code   RO          359    .ARM.Collect$$rtentry$$00000000  c_w.l(rtentry.o)
    0x08000298   0x00000000   Code   RO          465    .ARM.Collect$$rtentry$$00000002  c_w.l(rtentry2.o)
    0x08000298   0x00000006   Code   RO          477    .ARM.Collect$$rtentry$$00000004  c_w.l(rtentry4.o)
    0x0800029e   0x00000000   Code   RO          467    .ARM.Collect$$rtentry$$00000009  c_w.l(rtentry2.o)
    0x0800029e   0x00000004   Code   RO          468    .ARM.Collect$$rtentry$$0000000A  c_w.l(rtentry2.o)
    0x080002a2   0x00000000   Code   RO          470    .ARM.Collect$$rtentry$$0000000C  c_w.l(rtentry2.o)
    0x080002a2   0x00000008   Code   RO          471    .ARM.Collect$$rtentry$$0000000D  c_w.l(rtentry2.o)
    0x080002aa   0x00000002   Code   RO          548    .ARM.Collect$$rtexit$$00000000  c_w.l(rtexit.o)
    0x080002ac   0x00000000   Code   RO          599    .ARM.Collect$$rtexit$$00000002  c_w.l(rtexit2.o)
    0x080002ac   0x00000004   Code   RO          600    .ARM.Collect$$rtexit$$00000003  c_w.l(rtexit2.o)
    0x080002b0   0x00000006   Code   RO          601    .ARM.Collect$$rtexit$$00000004  c_w.l(rtexit2.o)
    0x080002b6   0x00000002   PAD
    0x080002b8   0x0000000c   Code   RO          103    .emb_text           sys.o
    0x080002c4   0x00000048   Code   RO            4    .text               startup_stm32f10x_hd.o
    0x0800030c   0x000001ec   Code   RO           10    .text               test.o
    0x080004f8   0x000000ac   Code   RO           89    .text               delay.o
    0x080005a4   0x000002e8   Code   RO          104    .text               sys.o
    0x0800088c   0x0000006c   Code   RO          119    .text               led.o
    0x080008f8   0x00000038   Code   RO          131    .text               beep.o
    0x08000930   0x00000108   Code   RO          143    .text               key.o
    0x08000a38   0x000004a4   Code   RO          156    .text               usart2.o
    0x08000edc   0x000007ec   Code   RO          182    .text               usart1.o
    0x080016c8   0x00000890   Code   RO          201    .text               usart3.o
    0x08001f58   0x00000408   Code   RO          227    .text               usart4.o
    0x08002360   0x00000098   Code   RO          246    .text               timer.o
    0x080023f8   0x0000017c   Code   RO          264    .text               24cxx.o
    0x08002574   0x00000278   Code   RO          276    .text               myiic.o
    0x080027ec   0x0000007c   Code   RO          288    .text               dma.o
    0x08002868   0x00000024   Code   RO          305    .text               c_w.l(c89vsprintf.o)
    0x0800288c   0x0000003e   Code   RO          307    .text               c_w.l(strlen.o)
    0x080028ca   0x00000006   Code   RO          309    .text               c_w.l(heapauxi.o)
    0x080028d0   0x00000052   Code   RO          362    .text               c_w.l(_printf_pad.o)
    0x08002922   0x00000024   Code   RO          364    .text               c_w.l(_printf_truncate.o)
    0x08002946   0x00000052   Code   RO          366    .text               c_w.l(_printf_str.o)
    0x08002998   0x00000078   Code   RO          368    .text               c_w.l(_printf_dec.o)
    0x08002a10   0x0000002a   Code   RO          370    .text               c_w.l(_printf_charcount.o)
    0x08002a3a   0x00000002   PAD
    0x08002a3c   0x00000030   Code   RO          372    .text               c_w.l(_printf_char_common.o)
    0x08002a6c   0x0000000a   Code   RO          374    .text               c_w.l(_sputc.o)
    0x08002a76   0x00000002   PAD
    0x08002a78   0x000000bc   Code   RO          376    .text               c_w.l(_printf_wctomb.o)
    0x08002b34   0x00000078   Code   RO          379    .text               c_w.l(_printf_longlong_dec.o)
    0x08002bac   0x00000078   Code   RO          385    .text               c_w.l(_printf_oct_int_ll.o)
    0x08002c24   0x0000009c   Code   RO          405    .text               c_w.l(_printf_hex_int_ll_ptr.o)
    0x08002cc0   0x0000018c   Code   RO          425    .text               c_w.l(__printf_flags_ss_wp.o)
    0x08002e4c   0x0000008a   Code   RO          479    .text               c_w.l(lludiv10.o)
    0x08002ed6   0x000000b8   Code   RO          481    .text               c_w.l(_printf_intcommon.o)
    0x08002f8e   0x00000420   Code   RO          483    .text               c_w.l(_printf_fp_dec.o)
    0x080033ae   0x0000002c   Code   RO          487    .text               c_w.l(_printf_char.o)
    0x080033da   0x0000002c   Code   RO          489    .text               c_w.l(_printf_wchar.o)
    0x08003406   0x00000040   Code   RO          492    .text               c_w.l(_wcrtomb.o)
    0x08003446   0x0000004a   Code   RO          494    .text               c_w.l(sys_stackheap_outer.o)
    0x08003490   0x00000010   Code   RO          496    .text               c_w.l(rt_ctype_table.o)
    0x080034a0   0x00000008   Code   RO          501    .text               c_w.l(rt_locale_intlibspace.o)
    0x080034a8   0x00000080   Code   RO          503    .text               c_w.l(_printf_fp_infnan.o)
    0x08003528   0x000000e4   Code   RO          505    .text               c_w.l(bigflt0.o)
    0x0800360c   0x0000000c   Code   RO          533    .text               c_w.l(exit.o)
    0x08003618   0x00000008   Code   RO          545    .text               c_w.l(libspace.o)
    0x08003620   0x00000080   Code   RO          553    .text               c_w.l(strcmpv7m.o)
    0x080036a0   0x0000000c   Code   RO          609    .text               c_w.l(sys_exit.o)
    0x080036ac   0x00000002   Code   RO          620    .text               c_w.l(use_no_semi.o)
    0x080036ae   0x00000000   Code   RO          622    .text               c_w.l(indicate_semi.o)
    0x080036ae   0x0000003e   Code   RO          508    CL$$btod_d2e        c_w.l(btod.o)
    0x080036ec   0x00000046   Code   RO          510    CL$$btod_d2e_denorm_low  c_w.l(btod.o)
    0x08003732   0x00000060   Code   RO          509    CL$$btod_d2e_norm_op1  c_w.l(btod.o)
    0x08003792   0x00000338   Code   RO          518    CL$$btod_div_common  c_w.l(btod.o)
    0x08003aca   0x000000c6   Code   RO          515    CL$$btod_e2e        c_w.l(btod.o)
    0x08003b90   0x00000028   Code   RO          512    CL$$btod_ediv       c_w.l(btod.o)
    0x08003bb8   0x00000028   Code   RO          511    CL$$btod_emul       c_w.l(btod.o)
    0x08003be0   0x00000244   Code   RO          517    CL$$btod_mult_common  c_w.l(btod.o)
    0x08003e24   0x00000028   Code   RO          543    i.__ARM_fpclassify  m_ws.l(fpclassify.o)
    0x08003e4c   0x0000000e   Code   RO          418    i._is_digit         c_w.l(__printf_wp.o)
    0x08003e5a   0x00000002   PAD
    0x08003e5c   0x0000002c   Code   RO          531    locale$$code        c_w.l(lc_numeric_c.o)
    0x08003e88   0x0000002c   Code   RO          551    locale$$code        c_w.l(lc_ctype_c.o)
    0x08003eb4   0x00000062   Code   RO          313    x$fpl$d2f           fz_ws.l(d2f.o)
    0x08003f16   0x00000002   PAD
    0x08003f18   0x00000150   Code   RO          315    x$fpl$dadd          fz_ws.l(daddsub_clz.o)
    0x08004068   0x0000002e   Code   RO          322    x$fpl$dflt          fz_ws.l(dflt_clz.o)
    0x08004096   0x00000002   PAD
    0x08004098   0x00000154   Code   RO          327    x$fpl$dmul          fz_ws.l(dmul.o)
    0x080041ec   0x0000009c   Code   RO          451    x$fpl$dnaninf       fz_ws.l(dnaninf.o)
    0x08004288   0x0000000c   Code   RO          453    x$fpl$dretinf       fz_ws.l(dretinf.o)
    0x08004294   0x000001d4   Code   RO          317    x$fpl$dsub          fz_ws.l(daddsub_clz.o)
    0x08004468   0x00000056   Code   RO          329    x$fpl$f2d           fz_ws.l(f2d.o)
    0x080044be   0x00000002   PAD
    0x080044c0   0x000000c4   Code   RO          331    x$fpl$fadd          fz_ws.l(faddsub_clz.o)
    0x08004584   0x00000018   Code   RO          455    x$fpl$fcmpinf       fz_ws.l(fcmpi.o)
    0x0800459c   0x00000184   Code   RO          338    x$fpl$fdiv          fz_ws.l(fdiv.o)
    0x08004720   0x00000036   Code   RO          341    x$fpl$ffix          fz_ws.l(ffix.o)
    0x08004756   0x00000002   PAD
    0x08004758   0x0000003e   Code   RO          345    x$fpl$ffixu         fz_ws.l(ffixu.o)
    0x08004796   0x00000002   PAD
    0x08004798   0x00000030   Code   RO          350    x$fpl$fflt          fz_ws.l(fflt_clz.o)
    0x080047c8   0x00000026   Code   RO          349    x$fpl$ffltu         fz_ws.l(fflt_clz.o)
    0x080047ee   0x00000002   PAD
    0x080047f0   0x00000068   Code   RO          355    x$fpl$fleqf         fz_ws.l(fleqf.o)
    0x08004858   0x00000102   Code   RO          357    x$fpl$fmul          fz_ws.l(fmul.o)
    0x0800495a   0x0000008c   Code   RO          457    x$fpl$fnaninf       fz_ws.l(fnaninf.o)
    0x080049e6   0x0000000a   Code   RO          459    x$fpl$fretinf       fz_ws.l(fretinf.o)
    0x080049f0   0x00000014   Code   RO          332    x$fpl$frsb          fz_ws.l(faddsub_clz.o)
    0x08004a04   0x000000ea   Code   RO          333    x$fpl$fsub          fz_ws.l(faddsub_clz.o)
    0x08004aee   0x00000004   Code   RO          461    x$fpl$printf1       fz_ws.l(printf1.o)
    0x08004af2   0x00000000   Code   RO          463    x$fpl$usenofp       fz_ws.l(usenofp.o)
    0x08004af2   0x00000002   PAD
    0x08004af4   0x00000008   Data   RO          377    .constdata          c_w.l(_printf_wctomb.o)
    0x08004afc   0x00000028   Data   RO          406    .constdata          c_w.l(_printf_hex_int_ll_ptr.o)
    0x08004b24   0x00000011   Data   RO          426    .constdata          c_w.l(__printf_flags_ss_wp.o)
    0x08004b35   0x00000003   PAD
    0x08004b38   0x00000094   Data   RO          506    .constdata          c_w.l(bigflt0.o)
    0x08004bcc   0x00000020   Data   RO          674    Region$$Table       anon$$obj.o
    0x08004bec   0x0000001c   Data   RO          530    locale$$data        c_w.l(lc_numeric_c.o)
    0x08004c08   0x00000110   Data   RO          550    locale$$data        c_w.l(lc_ctype_c.o)


    Execution Region RW_IRAM1 (Base: 0x20000000, Size: 0x00002450, Max: 0x00010000, ABSOLUTE, COMPRESSED[0x00000170])

    Base Addr    Size         Type   Attr      Idx    E Section Name        Object

    0x20000000   0x00000004   Data   RW           90    .data               delay.o
    0x20000004   0x00000001   Data   RW          144    .data               key.o
    0x20000005   0x00000001   PAD
    0x20000006   0x000001f0   Data   RW          158    .data               usart2.o
    0x200001f6   0x00000002   PAD
    0x200001f8   0x00000013   Data   RW          184    .data               usart1.o
    0x2000020b   0x00000001   PAD
    0x2000020c   0x000000b6   Data   RW          203    .data               usart3.o
    0x200002c2   0x00000002   PAD
    0x200002c4   0x0000000c   Data   RW          229    .data               usart4.o
    0x200002d0   0x0000000c   Data   RW          247    .data               timer.o
    0x200002dc   0x00000002   Data   RW          289    .data               dma.o
    0x200002de   0x00000002   PAD
    0x200002e0   0x000004c8   Zero   RW          157    .bss                usart2.o
    0x200007a8   0x000010b0   Zero   RW          183    .bss                usart1.o
    0x20001858   0x00000208   Zero   RW          202    .bss                usart3.o
    0x20001a60   0x00000190   Zero   RW          228    .bss                usart4.o
    0x20001bf0   0x00000060   Zero   RW          546    .bss                c_w.l(libspace.o)
    0x20001c50   0x00000000   Zero   RW            2    HEAP                startup_stm32f10x_hd.o
    0x20001c50   0x00000800   Zero   RW            1    STACK               startup_stm32f10x_hd.o


==============================================================================

Image component sizes


      Code (inc. data)   RO Data    RW Data    ZI Data      Debug   Object Name

       380          0          0          0          0       2530   24cxx.o
        56         14          0          0          0        376   beep.o
       172         10          0          4          0        915   delay.o
       124          8          0          2          0       1211   dma.o
       264         40          0          1          0        768   key.o
       108         14          0          0          0        387   led.o
       632         26          0          0          0       1788   myiic.o
        72         26        304          0       2048        792   startup_stm32f10x_hd.o
       756         54          0          0          0       2687   sys.o
       492         64          0          0          0      17017   test.o
       152         22          0         12          0       1047   timer.o
      2028         92          0         19       4272       4405   usart1.o
      1188        434          0        496       1224       3256   usart2.o
      2192        272          0        182        520       6914   usart3.o
      1032         44          0         12        400       3194   usart4.o

    ----------------------------------------------------------------------
      9648       1120        336        736       8464      47287   Object Totals
         0          0         32          0          0          0   (incl. Generated)
         0          0          0          8          0          0   (incl. Padding)

    ----------------------------------------------------------------------

      Code (inc. data)   RO Data    RW Data    ZI Data      Debug   Library Member Name

        90          0          0          0          0          0   __dczerorl2.o
         8          0          0          0          0         68   __main.o
       396          6         17          0          0         92   __printf_flags_ss_wp.o
        14          0          0          0          0         68   __printf_wp.o
        52          8          0          0          0          0   __scatter.o
        28          0          0          0          0          0   __scatter_zi.o
         6          0          0          0          0          0   _printf_a.o
         6          0          0          0          0          0   _printf_c.o
        44          0          0          0          0        108   _printf_char.o
        48          6          0          0          0         96   _printf_char_common.o
        42          0          0          0          0         68   _printf_charcount.o
         6          0          0          0          0          0   _printf_d.o
       120         18          0          0          0         92   _printf_dec.o
         6          0          0          0          0          0   _printf_e.o
         6          0          0          0          0          0   _printf_f.o
      1056          0          0          0          0        212   _printf_fp_dec.o
       128         16          0          0          0         84   _printf_fp_infnan.o
         6          0          0          0          0          0   _printf_g.o
       156          6         40          0          0        160   _printf_hex_int_ll_ptr.o
         6          0          0          0          0          0   _printf_i.o
       184          0          0          0          0         88   _printf_intcommon.o
        10          0          0          0          0          0   _printf_l.o
         6          0          0          0          0          0   _printf_lc.o
        10          0          0          0          0          0   _printf_ll.o
         6          0          0          0          0          0   _printf_lld.o
         6          0          0          0          0          0   _printf_lli.o
         6          0          0          0          0          0   _printf_llo.o
         6          0          0          0          0          0   _printf_llu.o
         6          0          0          0          0          0   _printf_llx.o
       120         16          0          0          0         92   _printf_longlong_dec.o
         6          0          0          0          0          0   _printf_ls.o
         6          0          0          0          0          0   _printf_n.o
         6          0          0          0          0          0   _printf_o.o
       120          8          0          0          0        124   _printf_oct_int_ll.o
         6          0          0          0          0          0   _printf_p.o
        82          0          0          0          0        108   _printf_pad.o
         0          0          0          0          0          0   _printf_percent.o
         4          0          0          0          0          0   _printf_percent_end.o
         6          0          0          0          0          0   _printf_s.o
        82          0          0          0          0         80   _printf_str.o
        36          0          0          0          0         84   _printf_truncate.o
         6          0          0          0          0          0   _printf_u.o
        44          0          0          0          0        108   _printf_wchar.o
       188          6          8          0          0         92   _printf_wctomb.o
         6          0          0          0          0          0   _printf_x.o
        10          0          0          0          0         68   _sputc.o
        64          0          0          0          0         92   _wcrtomb.o
       228          6        148          0          0         96   bigflt0.o
      1910        128          0          0          0        672   btod.o
        36          4          0          0          0         76   c89vsprintf.o
        12          0          0          0          0         72   exit.o
         6          0          0          0          0        152   heapauxi.o
         0          0          0          0          0          0   indicate_semi.o
        44         10        272          0          0         76   lc_ctype_c.o
        44         10         28          0          0         76   lc_numeric_c.o
         2          0          0          0          0          0   libinit.o
        30          0          0          0          0          0   libinit2.o
         2          0          0          0          0          0   libshutdown.o
         2          0          0          0          0          0   libshutdown2.o
         8          4          0          0         96         68   libspace.o
       138          0          0          0          0         80   lludiv10.o
        16          4          0          0          0         76   rt_ctype_table.o
         8          4          0          0          0         68   rt_locale_intlibspace.o
         0          0          0          0          0          0   rtentry.o
        12          0          0          0          0          0   rtentry2.o
         6          0          0          0          0          0   rtentry4.o
         2          0          0          0          0          0   rtexit.o
        10          0          0          0          0          0   rtexit2.o
       128          0          0          0          0         68   strcmpv7m.o
        62          0          0          0          0         76   strlen.o
        12          4          0          0          0         68   sys_exit.o
        74          0          0          0          0         80   sys_stackheap_outer.o
         2          0          0          0          0         68   use_no_semi.o
        98          4          0          0          0         92   d2f.o
       804         16          0          0          0        280   daddsub_clz.o
        46          0          0          0          0         68   dflt_clz.o
       340         12          0          0          0        104   dmul.o
       156          4          0          0          0         92   dnaninf.o
        12          0          0          0          0         68   dretinf.o
        86          4          0          0          0         84   f2d.o
       450          8          0          0          0        236   faddsub_clz.o
        24          0          0          0          0         68   fcmpi.o
       388         76          0          0          0         96   fdiv.o
        54          4          0          0          0         84   ffix.o
        62          4          0          0          0         84   ffixu.o
        86          0          0          0          0        136   fflt_clz.o
       104          4          0          0          0         84   fleqf.o
       258          4          0          0          0         84   fmul.o
       140          4          0          0          0         84   fnaninf.o
        10          0          0          0          0         68   fretinf.o
         4          0          0          0          0         68   printf1.o
         0          0          0          0          0          0   usenofp.o
        40          0          0          0          0         68   fpclassify.o

    ----------------------------------------------------------------------
      9236        408        516          0         96       5804   Library Totals
        24          0          3          0          0          0   (incl. Padding)

    ----------------------------------------------------------------------

      Code (inc. data)   RO Data    RW Data    ZI Data      Debug   Library Name

      6050        264        513          0         96       3856   c_w.l
      3122        144          0          0          0       1880   fz_ws.l
        40          0          0          0          0         68   m_ws.l

    ----------------------------------------------------------------------
      9236        408        516          0         96       5804   Library Totals

    ----------------------------------------------------------------------

==============================================================================


      Code (inc. data)   RO Data    RW Data    ZI Data      Debug   

     18884       1528        852        736       8560      48307   Grand Totals
     18884       1528        852        368       8560      48307   ELF Image Totals (compressed)
     18884       1528        852        368          0          0   ROM Totals

==============================================================================

    Total RO  Size (Code + RO Data)                19736 (  19.27kB)
    Total RW  Size (RW Data + ZI Data)              9296 (   9.08kB)
    Total ROM Size (Code + RO Data + RW Data)      20104 (  19.63kB)

==============================================================================

